?   	github.com/opd-ai/cluster/cmd/bootstrap	[no test files]
?   	github.com/opd-ai/cluster/cmd/cache-gc	[no test files]
?   	github.com/opd-ai/cluster/cmd/cluster-bootstrap	[no test files]
?   	github.com/opd-ai/cluster/cmd/cluster-join	[no test files]
?   	github.com/opd-ai/cluster/cmd/cluster-label	[no test files]
?   	github.com/opd-ai/cluster/cmd/cluster-probe	[no test files]
# github.com/hajimehoshi/ebiten/v2/internal/glfw
In file included from /home/runner/go/pkg/mod/github.com/hajimehoshi/ebiten/v2@v2.9.9/internal/glfw/native_linbsd.go:14:
./glfw3native_unix.h:105:12: fatal error: X11/Xlib.h: No such file or directory
  105 |   #include <X11/Xlib.h>
      |            ^~~~~~~~~~~~
compilation terminated.
?   	github.com/opd-ai/cluster/cmd/console	[no test files]
FAIL	github.com/opd-ai/cluster/cmd/console-wasm [build failed]
?   	github.com/opd-ai/cluster/cmd/dataset-build	[no test files]
?   	github.com/opd-ai/cluster/cmd/doctor	[no test files]
?   	github.com/opd-ai/cluster/cmd/drain	[no test files]
?   	github.com/opd-ai/cluster/cmd/eval-harness	[no test files]
?   	github.com/opd-ai/cluster/cmd/fedcoord	[no test files]
?   	github.com/opd-ai/cluster/cmd/gateway	[no test files]
?   	github.com/opd-ai/cluster/cmd/k8s-trainer	[no test files]
?   	github.com/opd-ai/cluster/cmd/modelfile-gen	[no test files]
?   	github.com/opd-ai/cluster/cmd/pipeline	[no test files]
?   	github.com/opd-ai/cluster/cmd/placeholder	[no test files]
?   	github.com/opd-ai/cluster/cmd/placer	[no test files]
?   	github.com/opd-ai/cluster/cmd/powermetrics-exporter	[no test files]
?   	github.com/opd-ai/cluster/cmd/rag	[no test files]
?   	github.com/opd-ai/cluster/cmd/rag-eval	[no test files]
?   	github.com/opd-ai/cluster/cmd/rag-ingest	[no test files]
?   	github.com/opd-ai/cluster/cmd/rag-reindex	[no test files]
?   	github.com/opd-ai/cluster/cmd/registry	[no test files]
?   	github.com/opd-ai/cluster/cmd/repo-sync	[no test files]
?   	github.com/opd-ai/cluster/cmd/status	[no test files]
?   	github.com/opd-ai/cluster/internal/sshutil	[no test files]
?   	github.com/opd-ai/cluster/internal/tracing	[no test files]
FAIL	github.com/opd-ai/cluster/internal/ui [build failed]
?   	github.com/opd-ai/cluster/internal/uiapi	[no test files]
FAIL
